// Jest Snapshot v1, https://goo.gl/fbAQLP

exports[`Table should be rendered with columns and rows 1`] = `
<div
  className="sc-AxjAm ljDiNr"
  onKeyDown={[Function]}
>
  <div
    className="table"
    role="table"
    style={
      Object {
        "minWidth": "300px",
      }
    }
  >
    <div
      className="thead"
    >
      <div
        className="tr"
        role="row"
        style={
          Object {
            "display": "flex",
            "flex": "1 0 auto",
            "minWidth": "90px",
          }
        }
      >
        <div
          className="th"
          colSpan={1}
          role="columnheader"
          style={
            Object {
              "alignItems": "center",
              "boxSizing": "border-box",
              "display": "flex",
              "flex": "100 0 auto",
              "justifyContent": "flex-start",
              "minWidth": "30px",
              "overflow": "visible",
              "padding": undefined,
              "position": "relative",
              "width": "100px",
            }
          }
        >
          First Name
          <div
            className="resizer"
            draggable={false}
            onMouseDown={[Function]}
            onTouchStart={[Function]}
            role="separator"
            style={
              Object {
                "cursor": "ew-resize",
              }
            }
          />
        </div>
        <div
          className="th"
          colSpan={1}
          role="columnheader"
          style={
            Object {
              "alignItems": "center",
              "boxSizing": "border-box",
              "display": "flex",
              "flex": "100 0 auto",
              "justifyContent": "flex-start",
              "minWidth": "30px",
              "overflow": "visible",
              "padding": undefined,
              "position": "relative",
              "width": "100px",
            }
          }
        >
          Last Name
          <div
            className="resizer"
            draggable={false}
            onMouseDown={[Function]}
            onTouchStart={[Function]}
            role="separator"
            style={
              Object {
                "cursor": "ew-resize",
              }
            }
          />
        </div>
        <div
          className="th"
          colSpan={1}
          role="columnheader"
          style={
            Object {
              "alignItems": "center",
              "boxSizing": "border-box",
              "display": "flex",
              "flex": "100 0 auto",
              "justifyContent": "flex-start",
              "minWidth": "30px",
              "overflow": "visible",
              "padding": undefined,
              "position": "relative",
              "width": "100px",
            }
          }
        >
          Age
          <div
            className="resizer"
            draggable={false}
            onMouseDown={[Function]}
            onTouchStart={[Function]}
            role="separator"
            style={
              Object {
                "cursor": "ew-resize",
              }
            }
          />
        </div>
      </div>
    </div>
    <div
      className="tbody"
    >
      <div
        className="tr"
        role="row"
        style={
          Object {
            "display": "flex",
            "flex": "1 0 auto",
            "minWidth": "90px",
          }
        }
      >
        <div
          className="td"
          onClick={[Function]}
          onContextMenu={[Function]}
          onDoubleClick={[Function]}
          role="cell"
          style={
            Object {
              "alignItems": "center",
              "boxSizing": "border-box",
              "display": "flex",
              "flex": "100 0 auto",
              "justifyContent": "flex-start",
              "minWidth": "30px",
              "overflow": "visible",
              "padding": undefined,
              "width": "100px",
            }
          }
        >
          Geralt
        </div>
        <div
          className="td"
          onClick={[Function]}
          onContextMenu={[Function]}
          onDoubleClick={[Function]}
          role="cell"
          style={
            Object {
              "alignItems": "center",
              "boxSizing": "border-box",
              "display": "flex",
              "flex": "100 0 auto",
              "justifyContent": "flex-start",
              "minWidth": "30px",
              "overflow": "visible",
              "padding": undefined,
              "width": "100px",
            }
          }
        >
          Of Rivia
        </div>
        <div
          className="td"
          onClick={[Function]}
          onContextMenu={[Function]}
          onDoubleClick={[Function]}
          role="cell"
          style={
            Object {
              "alignItems": "center",
              "boxSizing": "border-box",
              "display": "flex",
              "flex": "100 0 auto",
              "justifyContent": "flex-start",
              "minWidth": "30px",
              "overflow": "visible",
              "padding": undefined,
              "width": "100px",
            }
          }
        >
          94
        </div>
      </div>
      <div
        className="tr"
        role="row"
        style={
          Object {
            "display": "flex",
            "flex": "1 0 auto",
            "minWidth": "90px",
          }
        }
      >
        <div
          className="td"
          onClick={[Function]}
          onContextMenu={[Function]}
          onDoubleClick={[Function]}
          role="cell"
          style={
            Object {
              "alignItems": "center",
              "boxSizing": "border-box",
              "display": "flex",
              "flex": "100 0 auto",
              "justifyContent": "flex-start",
              "minWidth": "30px",
              "overflow": "visible",
              "padding": undefined,
              "width": "100px",
            }
          }
        >
          Yennefer
        </div>
        <div
          className="td"
          onClick={[Function]}
          onContextMenu={[Function]}
          onDoubleClick={[Function]}
          role="cell"
          style={
            Object {
              "alignItems": "center",
              "boxSizing": "border-box",
              "display": "flex",
              "flex": "100 0 auto",
              "justifyContent": "flex-start",
              "minWidth": "30px",
              "overflow": "visible",
              "padding": undefined,
              "width": "100px",
            }
          }
        >
          Of Vengerberg
        </div>
        <div
          className="td"
          onClick={[Function]}
          onContextMenu={[Function]}
          onDoubleClick={[Function]}
          role="cell"
          style={
            Object {
              "alignItems": "center",
              "boxSizing": "border-box",
              "display": "flex",
              "flex": "100 0 auto",
              "justifyContent": "flex-start",
              "minWidth": "30px",
              "overflow": "visible",
              "padding": undefined,
              "width": "100px",
            }
          }
        >
          100
        </div>
      </div>
      <div
        className="tr"
        role="row"
        style={
          Object {
            "display": "flex",
            "flex": "1 0 auto",
            "minWidth": "90px",
          }
        }
      >
        <div
          className="td"
          onClick={[Function]}
          onContextMenu={[Function]}
          onDoubleClick={[Function]}
          role="cell"
          style={
            Object {
              "alignItems": "center",
              "boxSizing": "border-box",
              "display": "flex",
              "flex": "100 0 auto",
              "justifyContent": "flex-start",
              "minWidth": "30px",
              "overflow": "visible",
              "padding": undefined,
              "width": "100px",
            }
          }
        >
          Cirilla
        </div>
        <div
          className="td"
          onClick={[Function]}
          onContextMenu={[Function]}
          onDoubleClick={[Function]}
          role="cell"
          style={
            Object {
              "alignItems": "center",
              "boxSizing": "border-box",
              "display": "flex",
              "flex": "100 0 auto",
              "justifyContent": "flex-start",
              "minWidth": "30px",
              "overflow": "visible",
              "padding": undefined,
              "width": "100px",
            }
          }
        >
          Of Cintra
        </div>
        <div
          className="td"
          onClick={[Function]}
          onContextMenu={[Function]}
          onDoubleClick={[Function]}
          role="cell"
          style={
            Object {
              "alignItems": "center",
              "boxSizing": "border-box",
              "display": "flex",
              "flex": "100 0 auto",
              "justifyContent": "flex-start",
              "minWidth": "30px",
              "overflow": "visible",
              "padding": undefined,
              "width": "100px",
            }
          }
        >
          100
        </div>
      </div>
    </div>
  </div>
</div>
`;

exports[`Table should be rendered with columns but no rows 1`] = `
<div
  className="sc-AxjAm ljDiNr"
  onKeyDown={[Function]}
>
  <div
    className="table"
    role="table"
    style={
      Object {
        "minWidth": "300px",
      }
    }
  >
    <div
      className="thead"
    >
      <div
        className="tr"
        role="row"
        style={
          Object {
            "display": "flex",
            "flex": "1 0 auto",
            "minWidth": "90px",
          }
        }
      >
        <div
          className="th"
          colSpan={1}
          role="columnheader"
          style={
            Object {
              "alignItems": "center",
              "boxSizing": "border-box",
              "display": "flex",
              "flex": "100 0 auto",
              "justifyContent": "flex-start",
              "minWidth": "30px",
              "overflow": "visible",
              "padding": undefined,
              "position": "relative",
              "width": "100px",
            }
          }
        >
          First Name
          <div
            className="resizer"
            draggable={false}
            onMouseDown={[Function]}
            onTouchStart={[Function]}
            role="separator"
            style={
              Object {
                "cursor": "ew-resize",
              }
            }
          />
        </div>
        <div
          className="th"
          colSpan={1}
          role="columnheader"
          style={
            Object {
              "alignItems": "center",
              "boxSizing": "border-box",
              "display": "flex",
              "flex": "100 0 auto",
              "justifyContent": "flex-start",
              "minWidth": "30px",
              "overflow": "visible",
              "padding": undefined,
              "position": "relative",
              "width": "100px",
            }
          }
        >
          Last Name
          <div
            className="resizer"
            draggable={false}
            onMouseDown={[Function]}
            onTouchStart={[Function]}
            role="separator"
            style={
              Object {
                "cursor": "ew-resize",
              }
            }
          />
        </div>
        <div
          className="th"
          colSpan={1}
          role="columnheader"
          style={
            Object {
              "alignItems": "center",
              "boxSizing": "border-box",
              "display": "flex",
              "flex": "100 0 auto",
              "justifyContent": "flex-start",
              "minWidth": "30px",
              "overflow": "visible",
              "padding": undefined,
              "position": "relative",
              "width": "100px",
            }
          }
        >
          Age
          <div
            className="resizer"
            draggable={false}
            onMouseDown={[Function]}
            onTouchStart={[Function]}
            role="separator"
            style={
              Object {
                "cursor": "ew-resize",
              }
            }
          />
        </div>
      </div>
    </div>
    <div
      className="tbody"
    />
  </div>
</div>
`;

exports[`Table should be rendered with the given selected rows 1`] = `
<div
  className="sc-AxjAm ljDiNr"
  onKeyDown={[Function]}
>
  <div
    className="table"
    role="table"
    style={
      Object {
        "minWidth": "300px",
      }
    }
  >
    <div
      className="thead"
    >
      <div
        className="tr"
        role="row"
        style={
          Object {
            "display": "flex",
            "flex": "1 0 auto",
            "minWidth": "90px",
          }
        }
      >
        <div
          className="th"
          colSpan={1}
          role="columnheader"
          style={
            Object {
              "alignItems": "center",
              "boxSizing": "border-box",
              "display": "flex",
              "flex": "100 0 auto",
              "justifyContent": "flex-start",
              "minWidth": "30px",
              "overflow": "visible",
              "padding": undefined,
              "position": "relative",
              "width": "100px",
            }
          }
        >
          First Name
          <div
            className="resizer"
            draggable={false}
            onMouseDown={[Function]}
            onTouchStart={[Function]}
            role="separator"
            style={
              Object {
                "cursor": "ew-resize",
              }
            }
          />
        </div>
        <div
          className="th"
          colSpan={1}
          role="columnheader"
          style={
            Object {
              "alignItems": "center",
              "boxSizing": "border-box",
              "display": "flex",
              "flex": "100 0 auto",
              "justifyContent": "flex-start",
              "minWidth": "30px",
              "overflow": "visible",
              "padding": undefined,
              "position": "relative",
              "width": "100px",
            }
          }
        >
          Last Name
          <div
            className="resizer"
            draggable={false}
            onMouseDown={[Function]}
            onTouchStart={[Function]}
            role="separator"
            style={
              Object {
                "cursor": "ew-resize",
              }
            }
          />
        </div>
        <div
          className="th"
          colSpan={1}
          role="columnheader"
          style={
            Object {
              "alignItems": "center",
              "boxSizing": "border-box",
              "display": "flex",
              "flex": "100 0 auto",
              "justifyContent": "flex-start",
              "minWidth": "30px",
              "overflow": "visible",
              "padding": undefined,
              "position": "relative",
              "width": "100px",
            }
          }
        >
          Age
          <div
            className="resizer"
            draggable={false}
            onMouseDown={[Function]}
            onTouchStart={[Function]}
            role="separator"
            style={
              Object {
                "cursor": "ew-resize",
              }
            }
          />
        </div>
      </div>
    </div>
    <div
      className="tbody"
    >
      <div
        className="tr"
        role="row"
        style={
          Object {
            "display": "flex",
            "flex": "1 0 auto",
            "minWidth": "90px",
          }
        }
      >
        <div
          className="td"
          onClick={[Function]}
          onContextMenu={[Function]}
          onDoubleClick={[Function]}
          role="cell"
          style={
            Object {
              "alignItems": "center",
              "boxSizing": "border-box",
              "display": "flex",
              "flex": "100 0 auto",
              "justifyContent": "flex-start",
              "minWidth": "30px",
              "overflow": "visible",
              "padding": undefined,
              "width": "100px",
            }
          }
        >
          Geralt
        </div>
        <div
          className="td"
          onClick={[Function]}
          onContextMenu={[Function]}
          onDoubleClick={[Function]}
          role="cell"
          style={
            Object {
              "alignItems": "center",
              "boxSizing": "border-box",
              "display": "flex",
              "flex": "100 0 auto",
              "justifyContent": "flex-start",
              "minWidth": "30px",
              "overflow": "visible",
              "padding": undefined,
              "width": "100px",
            }
          }
        >
          Of Rivia
        </div>
        <div
          className="td"
          onClick={[Function]}
          onContextMenu={[Function]}
          onDoubleClick={[Function]}
          role="cell"
          style={
            Object {
              "alignItems": "center",
              "boxSizing": "border-box",
              "display": "flex",
              "flex": "100 0 auto",
              "justifyContent": "flex-start",
              "minWidth": "30px",
              "overflow": "visible",
              "padding": undefined,
              "width": "100px",
            }
          }
        >
          94
        </div>
      </div>
      <div
        className="tr"
        role="row"
        style={
          Object {
            "display": "flex",
            "flex": "1 0 auto",
            "minWidth": "90px",
          }
        }
      >
        <div
          className="td selected"
          onClick={[Function]}
          onContextMenu={[Function]}
          onDoubleClick={[Function]}
          role="cell"
          style={
            Object {
              "alignItems": "center",
              "boxSizing": "border-box",
              "display": "flex",
              "flex": "100 0 auto",
              "justifyContent": "flex-start",
              "minWidth": "30px",
              "overflow": "visible",
              "padding": undefined,
              "width": "100px",
            }
          }
        >
          Yennefer
        </div>
        <div
          className="td selected"
          onClick={[Function]}
          onContextMenu={[Function]}
          onDoubleClick={[Function]}
          role="cell"
          style={
            Object {
              "alignItems": "center",
              "boxSizing": "border-box",
              "display": "flex",
              "flex": "100 0 auto",
              "justifyContent": "flex-start",
              "minWidth": "30px",
              "overflow": "visible",
              "padding": undefined,
              "width": "100px",
            }
          }
        >
          Of Vengerberg
        </div>
        <div
          className="td selected"
          onClick={[Function]}
          onContextMenu={[Function]}
          onDoubleClick={[Function]}
          role="cell"
          style={
            Object {
              "alignItems": "center",
              "boxSizing": "border-box",
              "display": "flex",
              "flex": "100 0 auto",
              "justifyContent": "flex-start",
              "minWidth": "30px",
              "overflow": "visible",
              "padding": undefined,
              "width": "100px",
            }
          }
        >
          100
        </div>
      </div>
      <div
        className="tr"
        role="row"
        style={
          Object {
            "display": "flex",
            "flex": "1 0 auto",
            "minWidth": "90px",
          }
        }
      >
        <div
          className="td selected"
          onClick={[Function]}
          onContextMenu={[Function]}
          onDoubleClick={[Function]}
          role="cell"
          style={
            Object {
              "alignItems": "center",
              "boxSizing": "border-box",
              "display": "flex",
              "flex": "100 0 auto",
              "justifyContent": "flex-start",
              "minWidth": "30px",
              "overflow": "visible",
              "padding": undefined,
              "width": "100px",
            }
          }
        >
          Cirilla
        </div>
        <div
          className="td selected"
          onClick={[Function]}
          onContextMenu={[Function]}
          onDoubleClick={[Function]}
          role="cell"
          style={
            Object {
              "alignItems": "center",
              "boxSizing": "border-box",
              "display": "flex",
              "flex": "100 0 auto",
              "justifyContent": "flex-start",
              "minWidth": "30px",
              "overflow": "visible",
              "padding": undefined,
              "width": "100px",
            }
          }
        >
          Of Cintra
        </div>
        <div
          className="td selected"
          onClick={[Function]}
          onContextMenu={[Function]}
          onDoubleClick={[Function]}
          role="cell"
          style={
            Object {
              "alignItems": "center",
              "boxSizing": "border-box",
              "display": "flex",
              "flex": "100 0 auto",
              "justifyContent": "flex-start",
              "minWidth": "30px",
              "overflow": "visible",
              "padding": undefined,
              "width": "100px",
            }
          }
        >
          100
        </div>
      </div>
    </div>
  </div>
</div>
`;
